// Jest Snapshot v1, https://goo.gl/fbAQLP

exports[`Render AdminCard AdminCard should render 1`] = `<AdminCard />`;
